Pistol fire
Shotgun fire (with cock)
Shotgun cock
Chainsaw Start
Chainsaw Idle
Chainsaw with trigger pulled
Chainsaw hitting monster
Rocket Launcher firing
BFG900 Round exploding
Rocket / Fireball passing by
Rocket / Fireball hitting object
Lift activated
Lift stopping
Mechanical Door opening
Mechanical Door closing
Stairs rising
Switch closing
Switch
Player injured
Former Human injured
Former Human injured
Slop!
Item pickup
Weapon pickup
Player hitting ground
Player / Monster teleport
Former Human spotting Player
Former Human spotting Player
Former Human spotting Player
Imp spotting Player
Imp spotting Player
Demon / Spectre spotting Player
Barron of Hell spotting Player
Demon / Spectre clawing at Player
Demon / Spectre hitting Player
Player dying
Former Human dying
Former Human dying
Former Human dying
Imp dying
Imp dying
Demon / Spectre dying
Baron of Hell dying
Former Human nearby
Imps nearby
Demon / Spectre nearby
Player push on wall
End level explosion
Player punching
Plasma Gun firing
BFG9000 firing
Cacodemon nearby
Cyber Demon nearby
Demon Spider nearby
Lost Soul nearby
Cacodemon dying
Player Push on wall
Cyber Demon dying
Demon Spider dying
Cyber Demon walking
Demon Spider walking
Tink
Unknown
Unknown
Item Respawn (Deathmatch v2.0)
Player Dying #2
Power Up
SS Nazi Spotting Player
Big Boss Spotting Player
